main.c:94:5:main	80	static
main.c:184:6:SystemClock_Config	88	static
main.c:227:13:MX_ADC1_Init	24	static
main.c:277:13:MX_I2C2_Init	8	static
main.c:311:13:MX_SPI1_Init	8	static
main.c:349:13:MX_SPI2_Init	8	static
main.c:387:13:MX_TIM2_Init	56	static
main.c:458:13:MX_TIM4_Init	64	static
main.c:530:13:MX_USART1_UART_Init	8	static
main.c:563:13:MX_USB_OTG_FS_PCD_Init	8	static
main.c:598:13:MX_GPIO_Init	48	static
main.c:660:6:StartDefaultTask	16	static
main.c:681:6:FRTOS_Blink	16	static
main.c:696:6:Blink_LED1	16	static
main.c:707:6:Error_Handler	4	static
